------------------------------------------------------------
TimeQuest Timing Analyzer Summary
------------------------------------------------------------

Type  : Slow 1200mV 85C Model Setup 'inst2|altpll_component|auto_generated|pll1|clk[0]'
Slack : 11.884
TNS   : 0.000

Type  : Slow 1200mV 85C Model Hold 'inst2|altpll_component|auto_generated|pll1|clk[0]'
Slack : 0.358
TNS   : 0.000

Type  : Slow 1200mV 85C Model Minimum Pulse Width 'CLK_50MHz'
Slack : 9.825
TNS   : 0.000

Type  : Slow 1200mV 85C Model Minimum Pulse Width 'inst2|altpll_component|auto_generated|pll1|clk[0]'
Slack : 12.254
TNS   : 0.000

Type  : Slow 1200mV 0C Model Setup 'inst2|altpll_component|auto_generated|pll1|clk[0]'
Slack : 13.274
TNS   : 0.000

Type  : Slow 1200mV 0C Model Hold 'inst2|altpll_component|auto_generated|pll1|clk[0]'
Slack : 0.312
TNS   : 0.000

Type  : Slow 1200mV 0C Model Minimum Pulse Width 'CLK_50MHz'
Slack : 9.785
TNS   : 0.000

Type  : Slow 1200mV 0C Model Minimum Pulse Width 'inst2|altpll_component|auto_generated|pll1|clk[0]'
Slack : 12.249
TNS   : 0.000

Type  : Fast 1200mV 0C Model Setup 'inst2|altpll_component|auto_generated|pll1|clk[0]'
Slack : 17.592
TNS   : 0.000

Type  : Fast 1200mV 0C Model Hold 'inst2|altpll_component|auto_generated|pll1|clk[0]'
Slack : 0.187
TNS   : 0.000

Type  : Fast 1200mV 0C Model Minimum Pulse Width 'CLK_50MHz'
Slack : 9.585
TNS   : 0.000

Type  : Fast 1200mV 0C Model Minimum Pulse Width 'inst2|altpll_component|auto_generated|pll1|clk[0]'
Slack : 12.284
TNS   : 0.000

------------------------------------------------------------
